// Vitest Snapshot v1, https://vitest.dev/guide/snapshot.html

exports[`matrice des droits > correspond à l’instantané validé 1`] = `
{
  "coach": [
    "accounting:config:read",
    "accounting:seasons:read",
    "cms:pages:read",
    "cms:posts:read",
    "dashboard:overview:read",
    "events:events:read",
    "help:docs:read",
    "members:members:read",
    "schedules:slots:read",
    "schedules:slots:write",
    "settings:hub:read",
    "shop:categories:write",
    "shop:orders:read",
    "shop:orders:write",
    "shop:products:read",
    "shop:products:write",
    "teams:lineups:read",
    "teams:lineups:write",
    "teams:rankings:import",
    "teams:rankings:read",
    "teams:rankings:write",
    "teams:teams:delete",
    "teams:teams:read",
    "teams:teams:write",
  ],
  "communication": [
    "cms:media:delete",
    "cms:media:read",
    "cms:media:write",
    "cms:nav:read",
    "cms:nav:write",
    "cms:pages:delete",
    "cms:pages:read",
    "cms:pages:write",
    "cms:posts:delete",
    "cms:posts:read",
    "cms:posts:write",
    "dashboard:overview:read",
    "events:events:delete",
    "events:events:read",
    "events:events:write",
    "events:registrations:read",
    "help:docs:read",
    "notifications:messages:read",
    "notifications:messages:send",
    "schedules:slots:read",
    "schedules:slots:write",
  ],
  "membre": [
    "dashboard:overview:read",
    "help:docs:read",
  ],
  "president": [
    "accounting:bank:read",
    "accounting:budget:read",
    "accounting:budget:write",
    "accounting:checks:read",
    "accounting:config:read",
    "accounting:invoices:read",
    "accounting:ledger:read",
    "accounting:reports:export",
    "accounting:reports:read",
    "accounting:seasons:close",
    "accounting:seasons:read",
    "accounting:seasons:write",
    "ai:assistant:use",
    "cms:media:delete",
    "cms:media:read",
    "cms:media:write",
    "cms:nav:read",
    "cms:nav:write",
    "cms:pages:delete",
    "cms:pages:read",
    "cms:pages:write",
    "cms:posts:delete",
    "cms:posts:read",
    "cms:posts:write",
    "dashboard:overview:read",
    "events:events:delete",
    "events:events:read",
    "events:events:write",
    "events:registrations:read",
    "expenses:reports:approve",
    "expenses:reports:read",
    "help:docs:read",
    "iam:roles:read",
    "iam:users:delete",
    "iam:users:read",
    "iam:users:write",
    "members:attestations:read",
    "members:members:read",
    "members:members:write",
    "notifications:messages:read",
    "notifications:messages:send",
    "schedules:slots:read",
    "schedules:slots:write",
    "settings:hub:read",
    "shop:orders:approve",
    "shop:orders:read",
    "shop:products:read",
    "teams:lineups:read",
    "teams:rankings:read",
    "teams:teams:read",
  ],
  "secretaire": [
    "accounting:config:read",
    "accounting:reports:read",
    "accounting:seasons:read",
    "cms:media:read",
    "cms:media:write",
    "cms:nav:read",
    "cms:pages:read",
    "cms:pages:write",
    "cms:posts:read",
    "cms:posts:write",
    "dashboard:overview:read",
    "events:events:read",
    "events:events:write",
    "events:registrations:read",
    "expenses:reports:read",
    "help:docs:read",
    "members:attestations:read",
    "members:attestations:write",
    "members:members:import",
    "members:members:read",
    "members:members:write",
    "notifications:messages:read",
    "notifications:messages:send",
    "schedules:slots:read",
    "settings:hub:read",
    "shop:categories:write",
    "shop:orders:read",
    "shop:products:read",
    "shop:products:write",
    "teams:lineups:read",
    "teams:rankings:read",
    "teams:teams:read",
  ],
  "super_admin": [
    "accounting:bank:import",
    "accounting:bank:read",
    "accounting:bank:reconcile",
    "accounting:budget:read",
    "accounting:budget:write",
    "accounting:checks:delete",
    "accounting:checks:read",
    "accounting:checks:write",
    "accounting:config:read",
    "accounting:config:write",
    "accounting:invoices:delete",
    "accounting:invoices:read",
    "accounting:invoices:write",
    "accounting:ledger:delete",
    "accounting:ledger:read",
    "accounting:ledger:write",
    "accounting:reports:export",
    "accounting:reports:read",
    "accounting:seasons:close",
    "accounting:seasons:read",
    "accounting:seasons:write",
    "ai:assistant:use",
    "cms:media:delete",
    "cms:media:read",
    "cms:media:write",
    "cms:nav:read",
    "cms:nav:write",
    "cms:pages:delete",
    "cms:pages:read",
    "cms:pages:write",
    "cms:posts:delete",
    "cms:posts:read",
    "cms:posts:write",
    "dashboard:overview:read",
    "events:events:delete",
    "events:events:read",
    "events:events:write",
    "events:registrations:read",
    "expenses:reports:approve",
    "expenses:reports:read",
    "expenses:reports:write",
    "help:docs:read",
    "iam:roles:read",
    "iam:roles:write",
    "iam:sessions:impersonate",
    "iam:users:delete",
    "iam:users:read",
    "iam:users:write",
    "members:attestations:read",
    "members:attestations:write",
    "members:members:import",
    "members:members:read",
    "members:members:write",
    "notifications:messages:read",
    "notifications:messages:send",
    "schedules:slots:read",
    "schedules:slots:write",
    "settings:hub:read",
    "shop:categories:write",
    "shop:orders:approve",
    "shop:orders:read",
    "shop:orders:write",
    "shop:products:read",
    "shop:products:write",
    "teams:lineups:read",
    "teams:lineups:write",
    "teams:rankings:import",
    "teams:rankings:read",
    "teams:rankings:write",
    "teams:teams:delete",
    "teams:teams:read",
    "teams:teams:write",
  ],
  "tresorier": [
    "accounting:bank:import",
    "accounting:bank:read",
    "accounting:bank:reconcile",
    "accounting:budget:read",
    "accounting:budget:write",
    "accounting:checks:delete",
    "accounting:checks:read",
    "accounting:checks:write",
    "accounting:config:read",
    "accounting:config:write",
    "accounting:invoices:delete",
    "accounting:invoices:read",
    "accounting:invoices:write",
    "accounting:ledger:delete",
    "accounting:ledger:read",
    "accounting:ledger:write",
    "accounting:reports:export",
    "accounting:reports:read",
    "accounting:seasons:close",
    "accounting:seasons:read",
    "accounting:seasons:write",
    "ai:assistant:use",
    "cms:pages:read",
    "cms:posts:read",
    "dashboard:overview:read",
    "events:events:read",
    "expenses:reports:approve",
    "expenses:reports:read",
    "expenses:reports:write",
    "help:docs:read",
    "members:attestations:read",
    "members:attestations:write",
    "members:members:read",
    "notifications:messages:read",
    "schedules:slots:read",
    "settings:hub:read",
    "shop:orders:approve",
    "shop:orders:read",
    "shop:products:read",
  ],
}
`;
